============================= test session starts =============================
platform win32 -- Python 3.12.4, pytest-9.0.2, pluggy-1.6.0 -- C:\StackPro\veil\backend\venv\Scripts\python.exe
cachedir: .pytest_cache
rootdir: C:\StackPro\veil\backend
plugins: anyio-4.12.1, asyncio-1.3.0, cov-7.0.0
asyncio: mode=Mode.STRICT, debug=False, asyncio_default_fixture_loop_scope=None, asyncio_default_test_loop_scope=function
collecting ... collected 1 item

tests/test_auth.py::TestRegister::test_register_new_user FAILED

================================== FAILURES ===================================
_____________________ TestRegister.test_register_new_user _____________________

self = <test_auth.TestRegister object at 0x000001C0EEFF5EE0>
client = <starlette.testclient.TestClient object at 0x000001C0EF376540>

    def test_register_new_user(self, client):
        """Register with valid email + auth_hash \u2192 201."""
        resp = client.post("/api/auth/register", json={
            "email": TEST_EMAIL,
            "auth_hash": VALID_HASH
        })
        # 201 created or 400 if already exists (idempotent re-runs)
>       assert resp.status_code in (201, 400)
E       assert 500 in (201, 400)
E        +  where 500 = <Response [500 Internal Server Error]>.status_code

tests\test_auth.py:23: AssertionError
------------------------------ Captured log call ------------------------------
ERROR    veil.database:connection.py:85 Database error: (builtins.AttributeError) 'str' object has no attribute 'hex'\n[SQL: INSERT INTO refresh_tokens (id, user_id, token_hash, expires_at, created_at) VALUES (?, ?, ?, ?, ?)]\n[parameters: [{'expires_at': datetime.datetime(2026, 3, 20, 15, 55, 18, 105211), 'user_id': '2bcfeeda-52ef-4ab5-9c76-b00f7a4694b5', 'token_hash': '$2b$12$d1PcUrmFgLTeHa6Qp.m6weoYQcqe1jL.ROjvh86x83azu9UNM6HDG'}]]\nERROR    veil:main.py:510 \u274c Unexpected error during registration: (builtins.AttributeError) 'str' object has no attribute 'hex'\n[SQL: INSERT INTO refresh_tokens (id, user_id, token_hash, expires_at, created_at) VALUES (?, ?, ?, ?, ?)]\n[parameters: [{'expires_at': datetime.datetime(2026, 3, 20, 15, 55, 18, 105211), 'user_id': '2bcfeeda-52ef-4ab5-9c76-b00f7a4694b5', 'token_hash': '$2b$12$d1PcUrmFgLTeHa6Qp.m6weoYQcqe1jL.ROjvh86x83azu9UNM6HDG'}]]\nERROR    veil:main.py:511 Traceback (most recent call last):\n  File "C:\\StackPro\\veil\\backend\\venv\\Lib\\site-packages\\sqlalchemy\\engine\\base.py", line 1814, in _execute_context\n    context = constructor(\n              ^^^^^^^^^^^^\n  File "C:\\StackPro\\veil\\backend\\venv\\Lib\\site-packages\\sqlalchemy\\engine\\default.py", line 1456, in _init_compiled\n    flattened_processors[key](compiled_params[key])\n  File "C:\\StackPro\\veil\\backend\\venv\\Lib\\site-packages\\sqlalchemy\\sql\\sqltypes.py", line 3652, in process\n    value = value.hex\n            ^^^^^^^^^\nAttributeError: 'str' object has no attribute 'hex'\n\nThe above exception was the direct cause of the following exception:\n\nTraceback (most recent call last):\n  File "C:\\StackPro\\veil\\backend\\main.py", line 503, in register\n    token_data = auth_service.register_user(user.email, user.auth_hash)\n                 ^^^^^^^^^^^^^^^^^^^^^^^^^^^^^^^^^^^^^^^^^^^^^^^^^^^^^^\n  File "C:\\StackPro\\veil\\backend\\services\\auth_service.py", line 81, in register_user\n    TokenRepository.store_refresh_token(db, str(user.id), refresh_token, expires_at)\n  File "C:\\StackPro\\veil\\backend\\repositories\\token_repository.py", line 51, in store_refresh_token\n    db.flush()\n  File "C:\\StackPro\\veil\\backend\\venv\\Lib\\site-packages\\sqlalchemy\\orm\\session.py", line 4312, in flush\n    self._flush(objects)\n  File "C:\\StackPro\\veil\\backend\\venv\\Lib\\site-packages\\sqlalchemy\\orm\\session.py", line 4447, in _flush\n    with util.safe_reraise():\n  File "C:\\StackPro\\veil\\backend\\venv\\Lib\\site-packages\\sqlalchemy\\util\\langhelpers.py", line 146, in __exit__\n    raise exc_value.with_traceback(exc_tb)\n  File "C:\\StackPro\\veil\\backend\\venv\\Lib\\site-packages\\sqlalchemy\\orm\\session.py", line 4408, in _flush\n    flush_context.execute()\n  File "C:\\StackPro\\veil\\backend\\venv\\Lib\\site-packages\\sqlalchemy\\orm\\unitofwork.py", line 466, in execute\n    rec.execute(self)\n  File "C:\\StackPro\\veil\\backend\\venv\\Lib\\site-packages\\sqlalchemy\\orm\\unitofwork.py", line 642, in execute\n    util.preloaded.orm_persistence.save_obj(\n  File "C:\\StackPro\\veil\\backend\\venv\\Lib\\site-packages\\sqlalchemy\\orm\\persistence.py", line 93, in save_obj\n    _emit_insert_statements(\n  File "C:\\StackPro\\veil\\backend\\venv\\Lib\\site-packages\\sqlalchemy\\orm\\persistence.py", line 1227, in _emit_insert_statements\n    result = connection.execute(\n             ^^^^^^^^^^^^^^^^^^^\n  File "C:\\StackPro\\veil\\backend\\venv\\Lib\\site-packages\\sqlalchemy\\engine\\base.py", line 1416, in execute\n    return meth(\n           ^^^^^\n  File "C:\\StackPro\\veil\\backend\\venv\\Lib\\site-packages\\sqlalchemy\\sql\\elements.py", line 517, in _execute_on_connection\n    return connection._execute_clauseelement(\n           ^^^^^^^^^^^^^^^^^^^^^^^^^^^^^^^^^^\n  File "C:\\StackPro\\veil\\backend\\venv\\Lib\\site-packages\\sqlalchemy\\engine\\base.py", line 1639, in _execute_clauseelement\n    ret = self._execute_context(\n          ^^^^^^^^^^^^^^^^^^^^^^\n  File "C:\\StackPro\\veil\\backend\\venv\\Lib\\site-packages\\sqlalchemy\\engine\\base.py", line 1820, in _execute_context\n    self._handle_dbapi_exception(\n  File "C:\\StackPro\\veil\\backend\\venv\\Lib\\site-packages\\sqlalchemy\\engine\\base.py", line 2344, in _handle_dbapi_exception\n    raise sqlalchemy_exception.with_traceback(exc_info[2]) from e\n  File "C:\\StackPro\\veil\\backend\\venv\\Lib\\site-packages\\sqlalchemy\\engine\\base.py", line 1814, in _execute_context\n    context = constructor(\n              ^^^^^^^^^^^^\n  File "C:\\StackPro\\veil\\backend\\venv\\Lib\\site-packages\\sqlalchemy\\engine\\default.py", line 1456, in _init_compiled\n    flattened_processors[key](compiled_params[key])\n  File "C:\\StackPro\\veil\\backend\\venv\\Lib\\site-packages\\sqlalchemy\\sql\\sqltypes.py", line 3652, in process\n    value = value.hex\n            ^^^^^^^^^\nsqlalchemy.exc.StatementError: (builtins.AttributeError) 'str' object has no attribute 'hex'\n[SQL: INSERT INTO refresh_tokens (id, user_id, token_hash, expires_at, created_at) VALUES (?, ?, ?, ?, ?)]\n[parameters: [{'expires_at': datetime.datetime(2026, 3, 20, 15, 55, 18, 105211), 'user_id': '2bcfeeda-52ef-4ab5-9c76-b00f7a4694b5', 'token_hash': '$2b$12$d1PcUrmFgLTeHa6Qp.m6weoYQcqe1jL.ROjvh86x83azu9UNM6HDG'}]]
============================== warnings summary ===============================
tests/test_auth.py::TestRegister::test_register_new_user
  C:\StackPro\veil\backend\database\connection.py:18: MovedIn20Warning: The ``declarative_base()`` function is now available as sqlalchemy.orm.declarative_base(). (deprecated since: 2.0) (Background on SQLAlchemy 2.0 at: https://sqlalche.me/e/b8d9)
    Base = declarative_base()

tests/test_auth.py::TestRegister::test_register_new_user
  C:\StackPro\veil\backend\main.py:190: PydanticDeprecatedSince20: Pydantic V1 style `@validator` validators are deprecated. You should migrate to Pydantic V2 style `@field_validator` validators, see the migration guide for more details. Deprecated in Pydantic V2.0 to be removed in V3.0. See Pydantic V2 Migration Guide at https://errors.pydantic.dev/2.5/migration/
    @validator('auth_hash')

tests/test_auth.py::TestRegister::test_register_new_user
  C:\StackPro\veil\backend\main.py:202: PydanticDeprecatedSince20: Pydantic V1 style `@validator` validators are deprecated. You should migrate to Pydantic V2 style `@field_validator` validators, see the migration guide for more details. Deprecated in Pydantic V2.0 to be removed in V3.0. See Pydantic V2 Migration Guide at https://errors.pydantic.dev/2.5/migration/
    @validator('auth_hash')

tests/test_auth.py::TestRegister::test_register_new_user
  C:\StackPro\veil\backend\main.py:237: PydanticDeprecatedSince20: Pydantic V1 style `@validator` validators are deprecated. You should migrate to Pydantic V2 style `@field_validator` validators, see the migration guide for more details. Deprecated in Pydantic V2.0 to be removed in V3.0. See Pydantic V2 Migration Guide at https://errors.pydantic.dev/2.5/migration/
    @validator('file_name')

tests/test_auth.py::TestRegister::test_register_new_user
tests/test_auth.py::TestRegister::test_register_new_user
tests/test_auth.py::TestRegister::test_register_new_user
  C:\StackPro\veil\backend\venv\Lib\site-packages\pydantic\_internal\_config.py:271: PydanticDeprecatedSince20: Support for class-based `config` is deprecated, use ConfigDict instead. Deprecated in Pydantic V2.0 to be removed in V3.0. See Pydantic V2 Migration Guide at https://errors.pydantic.dev/2.5/migration/
    warnings.warn(DEPRECATION_MESSAGE, DeprecationWarning)

tests/test_auth.py::TestRegister::test_register_new_user
tests/test_auth.py::TestRegister::test_register_new_user
tests/test_auth.py::TestRegister::test_register_new_user
tests/test_auth.py::TestRegister::test_register_new_user
  C:\StackPro\veil\backend\venv\Lib\site-packages\pydantic\_internal\_generate_schema.py:252: PydanticDeprecatedSince20: `json_encoders` is deprecated. See https://docs.pydantic.dev/2.5/concepts/serialization/#custom-serializers for alternatives. Deprecated in Pydantic V2.0 to be removed in V3.0. See Pydantic V2 Migration Guide at https://errors.pydantic.dev/2.5/migration/
    warnings.warn(

tests/test_auth.py::TestRegister::test_register_new_user
  C:\StackPro\veil\backend\main.py:830: DeprecationWarning: 
          on_event is deprecated, use lifespan event handlers instead.
  
          Read more about it in the
          [FastAPI docs for Lifespan Events](https://fastapi.tiangolo.com/advanced/events/).
          
    @app.on_event("startup")

tests/test_auth.py::TestRegister::test_register_new_user
tests/test_auth.py::TestRegister::test_register_new_user
  C:\StackPro\veil\backend\venv\Lib\site-packages\fastapi\applications.py:4495: DeprecationWarning: 
          on_event is deprecated, use lifespan event handlers instead.
  
          Read more about it in the
          [FastAPI docs for Lifespan Events](https://fastapi.tiangolo.com/advanced/events/).
          
    return self.router.on_event(event_type)

tests/test_auth.py::TestRegister::test_register_new_user
  C:\StackPro\veil\backend\main.py:839: DeprecationWarning: 
          on_event is deprecated, use lifespan event handlers instead.
  
          Read more about it in the
          [FastAPI docs for Lifespan Events](https://fastapi.tiangolo.com/advanced/events/).
          
    @app.on_event("shutdown")

tests/test_auth.py::TestRegister::test_register_new_user
  C:\StackPro\veil\backend\venv\Lib\site-packages\httpx\_client.py:690: DeprecationWarning: The 'app' shortcut is now deprecated. Use the explicit style 'transport=WSGITransport(app=...)' instead.
    warnings.warn(message, DeprecationWarning)

tests/test_auth.py::TestRegister::test_register_new_user
tests/test_auth.py::TestRegister::test_register_new_user
tests/test_auth.py::TestRegister::test_register_new_user
  C:\StackPro\veil\backend\venv\Lib\site-packages\sqlalchemy\sql\schema.py:3593: DeprecationWarning: datetime.datetime.utcnow() is deprecated and scheduled for removal in a future version. Use timezone-aware objects to represent datetimes in UTC: datetime.datetime.now(datetime.UTC).
    return util.wrap_callable(lambda ctx: fn(), fn)  # type: ignore

tests/test_auth.py::TestRegister::test_register_new_user
  C:\StackPro\veil\backend\services\auth_service.py:235: DeprecationWarning: datetime.datetime.utcnow() is deprecated and scheduled for removal in a future version. Use timezone-aware objects to represent datetimes in UTC: datetime.datetime.now(datetime.UTC).
    expire = datetime.utcnow() + timedelta(minutes=self.access_token_expire_minutes)

tests/test_auth.py::TestRegister::test_register_new_user
  C:\StackPro\veil\backend\services\auth_service.py:239: DeprecationWarning: datetime.datetime.utcnow() is deprecated and scheduled for removal in a future version. Use timezone-aware objects to represent datetimes in UTC: datetime.datetime.now(datetime.UTC).
    "iat": datetime.utcnow(),

tests/test_auth.py::TestRegister::test_register_new_user
  C:\StackPro\veil\backend\services\auth_service.py:246: DeprecationWarning: datetime.datetime.utcnow() is deprecated and scheduled for removal in a future version. Use timezone-aware objects to represent datetimes in UTC: datetime.datetime.now(datetime.UTC).
    expire = datetime.utcnow() + timedelta(days=self.refresh_token_expire_days)

tests/test_auth.py::TestRegister::test_register_new_user
  C:\StackPro\veil\backend\services\auth_service.py:250: DeprecationWarning: datetime.datetime.utcnow() is deprecated and scheduled for removal in a future version. Use timezone-aware objects to represent datetimes in UTC: datetime.datetime.now(datetime.UTC).
    "iat": datetime.utcnow(),

tests/test_auth.py::TestRegister::test_register_new_user
  C:\StackPro\veil\backend\services\auth_service.py:80: DeprecationWarning: datetime.datetime.utcnow() is deprecated and scheduled for removal in a future version. Use timezone-aware objects to represent datetimes in UTC: datetime.datetime.now(datetime.UTC).
    expires_at = datetime.utcnow() + timedelta(days=self.refresh_token_expire_days)

-- Docs: https://docs.pytest.org/en/stable/how-to/capture-warnings.html
=========================== short test summary info ===========================
FAILED tests/test_auth.py::TestRegister::test_register_new_user - assert 500 ...
======================= 1 failed, 24 warnings in 1.44s ========================
